DEPLOYMENT STATUS: COMPLETE
=========================

Timestamp: 2025-01-29 23:50:39 GMT
Action: Re-deployment of fixed application code
Status: Successfully triggered

Summary:
--------
✅ Local build verification completed successfully
✅ All 13 modified/new files committed to git
✅ Code pushed to develop branch 
✅ GitHub Actions workflow automatically triggered
✅ Deployment pipeline now running

Files deployed:
- src/app/cardView/page.tsx (new)
- src/components/PokemonCardRow.tsx (new) 
- src/components/ui/card.tsx (new)
- src/app/layout.tsx (modified)
- Multiple other fixes and updates

Next steps:
- Monitor GitHub Actions at: https://github.com/tayejoseph/balize-frontend-test/actions
- Check Netlify dashboard for preview deployment
- Test live application once deployment completes (3-5 minutes)

Deployment successfully initiated!
